Archive member included because of file (symbol)

C:\Users\Franco Bressan\workspace\LabArch\stm32f401c-disco_stdperiph_lib\Debug\libstm32f401c-disco_stdperiph_lib.a(stm32f401_discovery.o)
                              ./src/main.o (STM_EVAL_LEDInit)
C:\Users\Franco Bressan\workspace\LabArch\stm32f401c-disco_stdperiph_lib\Debug\libstm32f401c-disco_stdperiph_lib.a(misc.o)
                              ./src/main.o (NVIC_Init)
C:\Users\Franco Bressan\workspace\LabArch\stm32f401c-disco_stdperiph_lib\Debug\libstm32f401c-disco_stdperiph_lib.a(stm32f4xx_exti.o)
                              C:\Users\Franco Bressan\workspace\LabArch\stm32f401c-disco_stdperiph_lib\Debug\libstm32f401c-disco_stdperiph_lib.a(stm32f401_discovery.o) (EXTI_Init)
C:\Users\Franco Bressan\workspace\LabArch\stm32f401c-disco_stdperiph_lib\Debug\libstm32f401c-disco_stdperiph_lib.a(stm32f4xx_gpio.o)
                              C:\Users\Franco Bressan\workspace\LabArch\stm32f401c-disco_stdperiph_lib\Debug\libstm32f401c-disco_stdperiph_lib.a(stm32f401_discovery.o) (GPIO_Init)
C:\Users\Franco Bressan\workspace\LabArch\stm32f401c-disco_stdperiph_lib\Debug\libstm32f401c-disco_stdperiph_lib.a(stm32f4xx_rcc.o)
                              C:\Users\Franco Bressan\workspace\LabArch\stm32f401c-disco_stdperiph_lib\Debug\libstm32f401c-disco_stdperiph_lib.a(stm32f401_discovery.o) (RCC_AHB1PeriphClockCmd)
C:\Users\Franco Bressan\workspace\LabArch\stm32f401c-disco_stdperiph_lib\Debug\libstm32f401c-disco_stdperiph_lib.a(stm32f4xx_syscfg.o)
                              C:\Users\Franco Bressan\workspace\LabArch\stm32f401c-disco_stdperiph_lib\Debug\libstm32f401c-disco_stdperiph_lib.a(stm32f401_discovery.o) (SYSCFG_EXTILineConfig)
C:\Users\Franco Bressan\workspace\LabArch\stm32f401c-disco_stdperiph_lib\Debug\libstm32f401c-disco_stdperiph_lib.a(stm32f4xx_tim.o)
                              ./src/main.o (TIM_TimeBaseInit)
c:/ac6/systemworkbench/plugins/fr.ac6.mcu.externaltools.arm-none.win32_1.0.0.201410081102/tools/compiler/bin/../lib/gcc/arm-none-eabi/4.8.4/../../../../arm-none-eabi/lib/armv7e-m\libc.a(lib_a-errno.o)
                              ./src/syscalls.o (__errno)
c:/ac6/systemworkbench/plugins/fr.ac6.mcu.externaltools.arm-none.win32_1.0.0.201410081102/tools/compiler/bin/../lib/gcc/arm-none-eabi/4.8.4/../../../../arm-none-eabi/lib/armv7e-m\libc.a(lib_a-exit.o)
                              c:/ac6/systemworkbench/plugins/fr.ac6.mcu.externaltools.arm-none.win32_1.0.0.201410081102/tools/compiler/bin/../lib/gcc/arm-none-eabi/4.8.4/../../../../arm-none-eabi/lib/armv7e-m/crt0.o (exit)
c:/ac6/systemworkbench/plugins/fr.ac6.mcu.externaltools.arm-none.win32_1.0.0.201410081102/tools/compiler/bin/../lib/gcc/arm-none-eabi/4.8.4/../../../../arm-none-eabi/lib/armv7e-m\libc.a(lib_a-impure.o)
                              c:/ac6/systemworkbench/plugins/fr.ac6.mcu.externaltools.arm-none.win32_1.0.0.201410081102/tools/compiler/bin/../lib/gcc/arm-none-eabi/4.8.4/../../../../arm-none-eabi/lib/armv7e-m\libc.a(lib_a-exit.o) (_global_impure_ptr)
c:/ac6/systemworkbench/plugins/fr.ac6.mcu.externaltools.arm-none.win32_1.0.0.201410081102/tools/compiler/bin/../lib/gcc/arm-none-eabi/4.8.4/../../../../arm-none-eabi/lib/armv7e-m\libc.a(lib_a-init.o)
                              c:/ac6/systemworkbench/plugins/fr.ac6.mcu.externaltools.arm-none.win32_1.0.0.201410081102/tools/compiler/bin/../lib/gcc/arm-none-eabi/4.8.4/../../../../arm-none-eabi/lib/armv7e-m/crt0.o (__libc_init_array)
c:/ac6/systemworkbench/plugins/fr.ac6.mcu.externaltools.arm-none.win32_1.0.0.201410081102/tools/compiler/bin/../lib/gcc/arm-none-eabi/4.8.4/../../../../arm-none-eabi/lib/armv7e-m\libc.a(lib_a-memset.o)
                              c:/ac6/systemworkbench/plugins/fr.ac6.mcu.externaltools.arm-none.win32_1.0.0.201410081102/tools/compiler/bin/../lib/gcc/arm-none-eabi/4.8.4/../../../../arm-none-eabi/lib/armv7e-m/crt0.o (memset)
c:/ac6/systemworkbench/plugins/fr.ac6.mcu.externaltools.arm-none.win32_1.0.0.201410081102/tools/compiler/bin/../lib/gcc/arm-none-eabi/4.8.4/../../../../arm-none-eabi/lib/armv7e-m\libc.a(lib_a-__call_atexit.o)
                              c:/ac6/systemworkbench/plugins/fr.ac6.mcu.externaltools.arm-none.win32_1.0.0.201410081102/tools/compiler/bin/../lib/gcc/arm-none-eabi/4.8.4/../../../../arm-none-eabi/lib/armv7e-m\libc.a(lib_a-exit.o) (__call_exitprocs)
c:/ac6/systemworkbench/plugins/fr.ac6.mcu.externaltools.arm-none.win32_1.0.0.201410081102/tools/compiler/bin/../lib/gcc/arm-none-eabi/4.8.4/../../../../arm-none-eabi/lib/armv7e-m\libc.a(lib_a-atexit.o)
                              c:/ac6/systemworkbench/plugins/fr.ac6.mcu.externaltools.arm-none.win32_1.0.0.201410081102/tools/compiler/bin/../lib/gcc/arm-none-eabi/4.8.4/../../../../arm-none-eabi/lib/armv7e-m\libc.a(lib_a-__call_atexit.o) (atexit)
[...]
Memory Configuration

Name             Origin             Length             Attributes
FLASH            0x08000000         0x00040000         xr
RAM              0x20000000         0x00010000         xrw
MEMORY_B1        0x60000000         0x00000000         xr
CCMRAM           0x10000000         0x00000000         rw
*default*        0x00000000         0xffffffff

Linker script and memory map

LOAD c:/ac6/systemworkbench/plugins/fr.ac6.mcu.externaltools.arm-none.win32_1.0.0.201410081102/tools/compiler/bin/../lib/gcc/arm-none-eabi/4.8.4/armv7e-m/crti.o
LOAD c:/ac6/systemworkbench/plugins/fr.ac6.mcu.externaltools.arm-none.win32_1.0.0.201410081102/tools/compiler/bin/../lib/gcc/arm-none-eabi/4.8.4/armv7e-m/crtbegin.o
LOAD c:/ac6/systemworkbench/plugins/fr.ac6.mcu.externaltools.arm-none.win32_1.0.0.201410081102/tools/compiler/bin/../lib/gcc/arm-none-eabi/4.8.4/../../../../arm-none-eabi/lib/armv7e-m/crt0.o
LOAD ./startup/startup_stm32f401xx.o
LOAD ./src/main.o
LOAD ./src/syscalls.o
LOAD ./src/system_stm32f4xx.o
LOAD C:\Users\Franco Bressan\workspace\LabArch\stm32f401c-disco_stdperiph_lib\Debug\libstm32f401c-disco_stdperiph_lib.a
START GROUP
LOAD c:/ac6/systemworkbench/plugins/fr.ac6.mcu.externaltools.arm-none.win32_1.0.0.201410081102/tools/compiler/bin/../lib/gcc/arm-none-eabi/4.8.4/armv7e-m\libgcc.a
LOAD c:/ac6/systemworkbench/plugins/fr.ac6.mcu.externaltools.arm-none.win32_1.0.0.201410081102/tools/compiler/bin/../lib/gcc/arm-none-eabi/4.8.4/../../../../arm-none-eabi/lib/armv7e-m\libc.a
END GROUP
LOAD c:/ac6/systemworkbench/plugins/fr.ac6.mcu.externaltools.arm-none.win32_1.0.0.201410081102/tools/compiler/bin/../lib/gcc/arm-none-eabi/4.8.4/armv7e-m/crtend.o
LOAD c:/ac6/systemworkbench/plugins/fr.ac6.mcu.externaltools.arm-none.win32_1.0.0.201410081102/tools/compiler/bin/../lib/gcc/arm-none-eabi/4.8.4/armv7e-m/crtn.o
                0x2000ffff                _estack = 0x2000ffff
                0x00000000                _Min_Heap_Size = 0x0
                0x00000400                _Min_Stack_Size = 0x400

.isr_vector     0x08000000      0x188
                0x08000000                . = ALIGN (0x4)
 *(.isr_vector)
 .isr_vector    0x08000000      0x188 ./startup/startup_stm32f401xx.o
                0x08000000                g_pfnVectors
                0x08000188                . = ALIGN (0x4)

.text           0x08000188      0x760
                0x08000188                . = ALIGN (0x4)
 *(.text)
 .text          0x08000188       0x54 c:/ac6/systemworkbench/plugins/fr.ac6.mcu.externaltools.arm-none.win32_1.0.0.201410081102/tools/compiler/bin/../lib/gcc/arm-none-eabi/4.8.4/armv7e-m/crtbegin.o
 *(.text*)
 .text.Reset_Handler
                0x080001dc       0x50 ./startup/startup_stm32f401xx.o
                0x080001dc                Reset_Handler
 .text.Default_Handler
                0x0800022c        0x4 ./startup/startup_stm32f401xx.o
                0x0800022c                RTC_Alarm_IRQHandler
                0x0800022c                EXTI2_IRQHandler
                0x0800022c                DebugMon_Handler
                0x0800022c                TIM1_CC_IRQHandler
                0x0800022c                DMA2_Stream5_IRQHandler
                0x0800022c                HardFault_Handler
                0x0800022c                DMA1_Stream5_IRQHandler
                0x0800022c                SysTick_Handler
                0x0800022c                PVD_IRQHandler
                0x0800022c                SDIO_IRQHandler
                0x0800022c                TAMP_STAMP_IRQHandler
                0x0800022c                PendSV_Handler
                0x0800022c                NMI_Handler
                0x0800022c                EXTI3_IRQHandler
                0x0800022c                TIM1_UP_TIM10_IRQHandler
                0x0800022c                I2C3_ER_IRQHandler
                0x0800022c                EXTI0_IRQHandler
                0x0800022c                I2C2_EV_IRQHandler
                0x0800022c                DMA1_Stream2_IRQHandler
                0x0800022c                FPU_IRQHandler
                0x0800022c                UsageFault_Handler
                0x0800022c                DMA2_Stream2_IRQHandler
                0x0800022c                SPI1_IRQHandler
                0x0800022c                TIM1_BRK_TIM9_IRQHandler
                0x0800022c                DMA2_Stream3_IRQHandler
                0x0800022c                USART6_IRQHandler
                0x0800022c                DMA2_Stream0_IRQHandler
                0x0800022c                TIM4_IRQHandler
                0x0800022c                I2C1_EV_IRQHandler
                0x0800022c                DMA1_Stream6_IRQHandler
                0x0800022c                DMA1_Stream1_IRQHandler
                0x0800022c                RCC_IRQHandler
                0x0800022c                Default_Handler
                0x0800022c                EXTI15_10_IRQHandler
                0x0800022c                ADC_IRQHandler
                0x0800022c                DMA1_Stream7_IRQHandler
                0x0800022c                TIM5_IRQHandler
                0x0800022c                DMA2_Stream7_IRQHandler
                0x0800022c                I2C3_EV_IRQHandler
                0x0800022c                EXTI9_5_IRQHandler
                0x0800022c                RTC_WKUP_IRQHandler
                0x0800022c                SPI2_IRQHandler
                0x0800022c                MemManage_Handler
                0x0800022c                DMA1_Stream0_IRQHandler
                0x0800022c                SVC_Handler
                0x0800022c                EXTI4_IRQHandler
                0x0800022c                WWDG_IRQHandler
                0x0800022c                TIM2_IRQHandler
                0x0800022c                OTG_FS_WKUP_IRQHandler
                0x0800022c                TIM1_TRG_COM_TIM11_IRQHandler
                0x0800022c                EXTI1_IRQHandler
                0x0800022c                USART2_IRQHandler
                0x0800022c                I2C2_ER_IRQHandler
                0x0800022c                DMA2_Stream1_IRQHandler
                0x0800022c                FLASH_IRQHandler
                0x0800022c                DMA2_Stream4_IRQHandler
                0x0800022c                BusFault_Handler
                0x0800022c                USART1_IRQHandler
                0x0800022c                OTG_FS_IRQHandler
                0x0800022c                SPI3_IRQHandler
                0x0800022c                DMA1_Stream4_IRQHandler
                0x0800022c                I2C1_ER_IRQHandler
                0x0800022c                DMA2_Stream6_IRQHandler
                0x0800022c                DMA1_Stream3_IRQHandler
 .text.main     0x08000230       0x94 ./src/main.o
                0x08000230                main
 .text.TIM_Config
                0x080002c4       0x38 ./src/main.o
 .text.TIM3_IRQHandler
                0x080002fc       0x50 ./src/main.o
                0x080002fc                TIM3_IRQHandler
 .text.SystemInit
                0x0800034c       0x58 ./src/system_stm32f4xx.o
                0x0800034c                SystemInit
 .text.SetSysClock
                0x080003a4       0xf0 ./src/system_stm32f4xx.o
 .text.STM_EVAL_LEDInit
                0x08000494       0x48 C:\Users\Franco Bressan\workspace\LabArch\stm32f401c-disco_stdperiph_lib\Debug\libstm32f401c-disco_stdperiph_lib.a(stm32f401_discovery.o)
                0x08000494                STM_EVAL_LEDInit
 .text.STM_EVAL_LEDOn
                0x080004dc       0x1c C:\Users\Franco Bressan\workspace\LabArch\stm32f401c-disco_stdperiph_lib\Debug\libstm32f401c-disco_stdperiph_lib.a(stm32f401_discovery.o)
                0x080004dc                STM_EVAL_LEDOn
 .text.STM_EVAL_LEDToggle
                0x080004f8       0x20 C:\Users\Franco Bressan\workspace\LabArch\stm32f401c-disco_stdperiph_lib\Debug\libstm32f401c-disco_stdperiph_lib.a(stm32f401_discovery.o)
                0x080004f8                STM_EVAL_LEDToggle
 .text.NVIC_Init
                0x08000518       0x6c C:\Users\Franco Bressan\workspace\LabArch\stm32f401c-disco_stdperiph_lib\Debug\libstm32f401c-disco_stdperiph_lib.a(misc.o)
                0x08000518                NVIC_Init
 .text.GPIO_Init
                0x08000584       0x80 C:\Users\Franco Bressan\workspace\LabArch\stm32f401c-disco_stdperiph_lib\Debug\libstm32f401c-disco_stdperiph_lib.a(stm32f4xx_gpio.o)
                0x08000584                GPIO_Init
 .text.RCC_AHB1PeriphClockCmd
                0x08000604       0x18 C:\Users\Franco Bressan\workspace\LabArch\stm32f401c-disco_stdperiph_lib\Debug\libstm32f401c-disco_stdperiph_lib.a(stm32f4xx_rcc.o)
                0x08000604                RCC_AHB1PeriphClockCmd
 .text.RCC_APB1PeriphClockCmd
                0x0800061c       0x18 C:\Users\Franco Bressan\workspace\LabArch\stm32f401c-disco_stdperiph_lib\Debug\libstm32f401c-disco_stdperiph_lib.a(stm32f4xx_rcc.o)
                0x0800061c                RCC_APB1PeriphClockCmd
 .text.TIM_TimeBaseInit
                0x08000634       0x7c C:\Users\Franco Bressan\workspace\LabArch\stm32f401c-disco_stdperiph_lib\Debug\libstm32f401c-disco_stdperiph_lib.a(stm32f4xx_tim.o)
                0x08000634                TIM_TimeBaseInit
 .text.TIM_PrescalerConfig
                0x080006b0        0x6 C:\Users\Franco Bressan\workspace\LabArch\stm32f401c-disco_stdperiph_lib\Debug\libstm32f401c-disco_stdperiph_lib.a(stm32f4xx_tim.o)
                0x080006b0                TIM_PrescalerConfig
 .text.TIM_Cmd  0x080006b6       0x18 C:\Users\Franco Bressan\workspace\LabArch\stm32f401c-disco_stdperiph_lib\Debug\libstm32f401c-disco_stdperiph_lib.a(stm32f4xx_tim.o)
                0x080006b6                TIM_Cmd
 *fill*         0x080006ce        0x2 
 .text.TIM_OC1Init
                0x080006d0       0x70 C:\Users\Franco Bressan\workspace\LabArch\stm32f401c-disco_stdperiph_lib\Debug\libstm32f401c-disco_stdperiph_lib.a(stm32f4xx_tim.o)
                0x080006d0                TIM_OC1Init
 .text.TIM_SetCompare1
                0x08000740        0x4 C:\Users\Franco Bressan\workspace\LabArch\stm32f401c-disco_stdperiph_lib\Debug\libstm32f401c-disco_stdperiph_lib.a(stm32f4xx_tim.o)
                0x08000740                TIM_SetCompare1
 .text.TIM_OC1PreloadConfig
                0x08000744       0x10 C:\Users\Franco Bressan\workspace\LabArch\stm32f401c-disco_stdperiph_lib\Debug\libstm32f401c-disco_stdperiph_lib.a(stm32f4xx_tim.o)
                0x08000744                TIM_OC1PreloadConfig
 .text.TIM_GetCapture1
                0x08000754        0x4 C:\Users\Franco Bressan\workspace\LabArch\stm32f401c-disco_stdperiph_lib\Debug\libstm32f401c-disco_stdperiph_lib.a(stm32f4xx_tim.o)
                0x08000754                TIM_GetCapture1
 .text.TIM_ITConfig
                0x08000758       0x12 C:\Users\Franco Bressan\workspace\LabArch\stm32f401c-disco_stdperiph_lib\Debug\libstm32f401c-disco_stdperiph_lib.a(stm32f4xx_tim.o)
                0x08000758                TIM_ITConfig
 .text.TIM_GetITStatus
                0x0800076a       0x16 C:\Users\Franco Bressan\workspace\LabArch\stm32f401c-disco_stdperiph_lib\Debug\libstm32f401c-disco_stdperiph_lib.a(stm32f4xx_tim.o)
                0x0800076a                TIM_GetITStatus
 .text.TIM_ClearITPendingBit
                0x08000780        0x8 C:\Users\Franco Bressan\workspace\LabArch\stm32f401c-disco_stdperiph_lib\Debug\libstm32f401c-disco_stdperiph_lib.a(stm32f4xx_tim.o)
                0x08000780                TIM_ClearITPendingBit
 .text.__libc_init_array
                0x08000788       0x50 c:/ac6/systemworkbench/plugins/fr.ac6.mcu.externaltools.arm-none.win32_1.0.0.201410081102/tools/compiler/bin/../lib/gcc/arm-none-eabi/4.8.4/../../../../arm-none-eabi/lib/armv7e-m\libc.a(lib_a-init.o)
                0x08000788                __libc_init_array
 .text.startup.register_fini
                0x080007d8       0x14 c:/ac6/systemworkbench/plugins/fr.ac6.mcu.externaltools.arm-none.win32_1.0.0.201410081102/tools/compiler/bin/../lib/gcc/arm-none-eabi/4.8.4/../../../../arm-none-eabi/lib/armv7e-m\libc.a(lib_a-__call_atexit.o)
 .text.atexit   0x080007ec        0xc c:/ac6/systemworkbench/plugins/fr.ac6.mcu.externaltools.arm-none.win32_1.0.0.201410081102/tools/compiler/bin/../lib/gcc/arm-none-eabi/4.8.4/../../../../arm-none-eabi/lib/armv7e-m\libc.a(lib_a-atexit.o)
                0x080007ec                atexit
 .text.__libc_fini_array
                0x080007f8       0x30 c:/ac6/systemworkbench/plugins/fr.ac6.mcu.externaltools.arm-none.win32_1.0.0.201410081102/tools/compiler/bin/../lib/gcc/arm-none-eabi/4.8.4/../../../../arm-none-eabi/lib/armv7e-m\libc.a(lib_a-fini.o)
                0x080007f8                __libc_fini_array
 .text.__register_exitproc
                0x08000828       0xa8 c:/ac6/systemworkbench/plugins/fr.ac6.mcu.externaltools.arm-none.win32_1.0.0.201410081102/tools/compiler/bin/../lib/gcc/arm-none-eabi/4.8.4/../../../../arm-none-eabi/lib/armv7e-m\libc.a(lib_a-__atexit.o)
                0x08000828                __register_exitproc
 *(.glue_7)
 .glue_7        0x00000000        0x0 linker stubs
 *(.glue_7t)
 .glue_7t       0x00000000        0x0 linker stubs
 *(.eh_frame)
 .eh_frame      0x080008d0        0x0 c:/ac6/systemworkbench/plugins/fr.ac6.mcu.externaltools.arm-none.win32_1.0.0.201410081102/tools/compiler/bin/../lib/gcc/arm-none-eabi/4.8.4/armv7e-m/crtbegin.o
 *(.init)
 .init          0x080008d0        0x4 c:/ac6/systemworkbench/plugins/fr.ac6.mcu.externaltools.arm-none.win32_1.0.0.201410081102/tools/compiler/bin/../lib/gcc/arm-none-eabi/4.8.4/armv7e-m/crti.o
                0x080008d0                _init
 .init          0x080008d4        0x8 c:/ac6/systemworkbench/plugins/fr.ac6.mcu.externaltools.arm-none.win32_1.0.0.201410081102/tools/compiler/bin/../lib/gcc/arm-none-eabi/4.8.4/armv7e-m/crtn.o
 *(.fini)
 .fini          0x080008dc        0x4 c:/ac6/systemworkbench/plugins/fr.ac6.mcu.externaltools.arm-none.win32_1.0.0.201410081102/tools/compiler/bin/../lib/gcc/arm-none-eabi/4.8.4/armv7e-m/crti.o
                0x080008dc                _fini
 .fini          0x080008e0        0x8 c:/ac6/systemworkbench/plugins/fr.ac6.mcu.externaltools.arm-none.win32_1.0.0.201410081102/tools/compiler/bin/../lib/gcc/arm-none-eabi/4.8.4/armv7e-m/crtn.o
                0x080008e8                . = ALIGN (0x4)
                0x080008e8                _etext = .

.vfp11_veneer   0x080008e8        0x0
 .vfp11_veneer  0x00000000        0x0 linker stubs

.v4_bx          0x080008e8        0x0
 .v4_bx         0x00000000        0x0 linker stubs

.iplt           0x080008e8        0x0
 .iplt          0x00000000        0x0 c:/ac6/systemworkbench/plugins/fr.ac6.mcu.externaltools.arm-none.win32_1.0.0.201410081102/tools/compiler/bin/../lib/gcc/arm-none-eabi/4.8.4/armv7e-m/crtbegin.o

.rodata         0x080008e8       0x30
                0x080008e8                . = ALIGN (0x4)
 *(.rodata)
 .rodata        0x080008e8       0x28 C:\Users\Franco Bressan\workspace\LabArch\stm32f401c-disco_stdperiph_lib\Debug\libstm32f401c-disco_stdperiph_lib.a(stm32f401_discovery.o)
                0x080008e8                GPIO_CLK
                0x080008f8                GPIO_PIN
                0x08000900                BUTTON_IRQn
                0x08000901                BUTTON_PIN_SOURCE
                0x08000902                BUTTON_PORT_SOURCE
                0x08000904                BUTTON_EXTI_LINE
                0x08000908                BUTTON_CLK
                0x0800090c                BUTTON_PIN
 *(.rodata*)
 .rodata.str1.4
                0x08000910        0x4 c:/ac6/systemworkbench/plugins/fr.ac6.mcu.externaltools.arm-none.win32_1.0.0.201410081102/tools/compiler/bin/../lib/gcc/arm-none-eabi/4.8.4/../../../../arm-none-eabi/lib/armv7e-m\libc.a(lib_a-impure.o)
 .rodata._global_impure_ptr
                0x08000914        0x4 c:/ac6/systemworkbench/plugins/fr.ac6.mcu.externaltools.arm-none.win32_1.0.0.201410081102/tools/compiler/bin/../lib/gcc/arm-none-eabi/4.8.4/../../../../arm-none-eabi/lib/armv7e-m\libc.a(lib_a-impure.o)
                0x08000914                _global_impure_ptr
                0x08000918                . = ALIGN (0x4)

.rel.dyn        0x08000918        0x0
 .rel.iplt      0x00000000        0x0 c:/ac6/systemworkbench/plugins/fr.ac6.mcu.externaltools.arm-none.win32_1.0.0.201410081102/tools/compiler/bin/../lib/gcc/arm-none-eabi/4.8.4/armv7e-m/crtbegin.o

.ARM.extab
 *(.ARM.extab* .gnu.linkonce.armextab.*)

.ARM            0x08000918        0x0
                0x08000918                __exidx_start = .
 *(.ARM.exidx*)
                0x08000918                __exidx_end = .

.preinit_array  0x08000918        0x0
                0x08000918                PROVIDE (__preinit_array_start, .)
 *(.preinit_array*)
                0x08000918                PROVIDE (__preinit_array_end, .)

.init_array     0x08000918        0x8
                0x08000918                PROVIDE (__init_array_start, .)
 *(SORT(.init_array.*))
 .init_array.00000
                0x08000918        0x4 c:/ac6/systemworkbench/plugins/fr.ac6.mcu.externaltools.arm-none.win32_1.0.0.201410081102/tools/compiler/bin/../lib/gcc/arm-none-eabi/4.8.4/../../../../arm-none-eabi/lib/armv7e-m\libc.a(lib_a-__call_atexit.o)
 *(.init_array*)
 .init_array    0x0800091c        0x4 c:/ac6/systemworkbench/plugins/fr.ac6.mcu.externaltools.arm-none.win32_1.0.0.201410081102/tools/compiler/bin/../lib/gcc/arm-none-eabi/4.8.4/armv7e-m/crtbegin.o
                0x08000920                PROVIDE (__init_array_end, .)

.fini_array     0x08000920        0x4
                0x08000920                PROVIDE (__fini_array_start, .)
 *(SORT(.fini_array.*))
 *(.fini_array*)
 .fini_array    0x08000920        0x4 c:/ac6/systemworkbench/plugins/fr.ac6.mcu.externaltools.arm-none.win32_1.0.0.201410081102/tools/compiler/bin/../lib/gcc/arm-none-eabi/4.8.4/armv7e-m/crtbegin.o
                0x08000924                PROVIDE (__fini_array_end, .)
                0x08000924                _sidata = LOADADDR (.data)

.data           0x20000000      0x458 load address 0x08000924
                0x20000000                . = ALIGN (0x4)
                0x20000000                _sdata = .
 *(.data)
 .data          0x20000000        0x2 ./src/main.o
                0x20000000                CCR1_Val
 *fill*         0x20000002        0x2 
 .data          0x20000004       0x14 ./src/system_stm32f4xx.o
                0x20000004                SystemCoreClock
                0x20000008                AHBPrescTable
 .data          0x20000018       0x14 C:\Users\Franco Bressan\workspace\LabArch\stm32f401c-disco_stdperiph_lib\Debug\libstm32f401c-disco_stdperiph_lib.a(stm32f401_discovery.o)
                0x20000018                GPIO_PORT
                0x20000028                BUTTON_PORT
 *(.data*)
 *fill*         0x2000002c        0x4 
 .data.impure_data
                0x20000030      0x428 c:/ac6/systemworkbench/plugins/fr.ac6.mcu.externaltools.arm-none.win32_1.0.0.201410081102/tools/compiler/bin/../lib/gcc/arm-none-eabi/4.8.4/../../../../arm-none-eabi/lib/armv7e-m\libc.a(lib_a-impure.o)
                0x20000458                . = ALIGN (0x4)
                0x20000458                _edata = .
                0x08000d7c                _siccmram = LOADADDR (.ccmram)

.jcr            0x20000458        0x0 load address 0x08000d7c
 .jcr           0x20000458        0x0 c:/ac6/systemworkbench/plugins/fr.ac6.mcu.externaltools.arm-none.win32_1.0.0.201410081102/tools/compiler/bin/../lib/gcc/arm-none-eabi/4.8.4/armv7e-m/crtbegin.o

.igot.plt       0x20000458        0x0 load address 0x08000d7c
 .igot.plt      0x00000000        0x0 c:/ac6/systemworkbench/plugins/fr.ac6.mcu.externaltools.arm-none.win32_1.0.0.201410081102/tools/compiler/bin/../lib/gcc/arm-none-eabi/4.8.4/armv7e-m/crtbegin.o

.ccmram         0x10000000        0x0 load address 0x08000d7c
                0x10000000                . = ALIGN (0x4)
                0x10000000                _sccmram = .
 *(.ccmram)
 *(.ccmram*)
                0x10000000                . = ALIGN (0x4)
                0x10000000                _eccmram = .
                0x10000000                . = ALIGN (0x4)

.bss            0x20000458       0x1c
                0x20000458                _sbss = .
                0x20000458                __bss_start__ = _sbss
 *(.bss)
 .bss           0x20000458       0x1c c:/ac6/systemworkbench/plugins/fr.ac6.mcu.externaltools.arm-none.win32_1.0.0.201410081102/tools/compiler/bin/../lib/gcc/arm-none-eabi/4.8.4/armv7e-m/crtbegin.o
 *(.bss*)
 *(COMMON)
                0x20000474                . = ALIGN (0x4)
                0x20000474                _ebss = .
                0x20000474                __bss_end__ = _ebss

._user_heap_stack
                0x20000474      0x400
                0x20000474                . = ALIGN (0x4)
                0x20000474                PROVIDE (end, .)
                0x20000474                PROVIDE (_end, .)
                0x20000474                . = (. + _Min_Heap_Size)
                0x20000874                . = (. + _Min_Stack_Size)
 *fill*         0x20000474      0x400 
                0x20000874                . = ALIGN (0x4)

.memory_b1_text
 *(.mb1text)
 *(.mb1text*)
 *(.mb1rodata)
 *(.mb1rodata*)

/DISCARD/
 libc.a(*)
 libm.a(*)
 libgcc.a(*)

.ARM.attributes
                0x00000000       0x2a
 *(.ARM.attributes)
 .ARM.attributes
                0x00000000       0x1e c:/ac6/systemworkbench/plugins/fr.ac6.mcu.externaltools.arm-none.win32_1.0.0.201410081102/tools/compiler/bin/../lib/gcc/arm-none-eabi/4.8.4/armv7e-m/crti.o
 .ARM.attributes
                0x0000001e       0x2e c:/ac6/systemworkbench/plugins/fr.ac6.mcu.externaltools.arm-none.win32_1.0.0.201410081102/tools/compiler/bin/../lib/gcc/arm-none-eabi/4.8.4/armv7e-m/crtbegin.o
 .ARM.attributes
                0x0000004c       0x21 ./startup/startup_stm32f401xx.o
 .ARM.attributes
                0x0000006d       0x33 ./src/main.o
 .ARM.attributes
                0x000000a0       0x33 ./src/system_stm32f4xx.o
 .ARM.attributes
                0x000000d3       0x33 C:\Users\Franco Bressan\workspace\LabArch\stm32f401c-disco_stdperiph_lib\Debug\libstm32f401c-disco_stdperiph_lib.a(stm32f401_discovery.o)
 .ARM.attributes
                0x00000106       0x33 C:\Users\Franco Bressan\workspace\LabArch\stm32f401c-disco_stdperiph_lib\Debug\libstm32f401c-disco_stdperiph_lib.a(misc.o)
 .ARM.attributes
                0x00000139       0x33 C:\Users\Franco Bressan\workspace\LabArch\stm32f401c-disco_stdperiph_lib\Debug\libstm32f401c-disco_stdperiph_lib.a(stm32f4xx_gpio.o)
 .ARM.attributes
                0x0000016c       0x33 C:\Users\Franco Bressan\workspace\LabArch\stm32f401c-disco_stdperiph_lib\Debug\libstm32f401c-disco_stdperiph_lib.a(stm32f4xx_rcc.o)
 .ARM.attributes
                0x0000019f       0x33 C:\Users\Franco Bressan\workspace\LabArch\stm32f401c-disco_stdperiph_lib\Debug\libstm32f401c-disco_stdperiph_lib.a(stm32f4xx_tim.o)
 .ARM.attributes
                0x000001d2       0x2e c:/ac6/systemworkbench/plugins/fr.ac6.mcu.externaltools.arm-none.win32_1.0.0.201410081102/tools/compiler/bin/../lib/gcc/arm-none-eabi/4.8.4/../../../../arm-none-eabi/lib/armv7e-m\libc.a(lib_a-impure.o)
 .ARM.attributes
                0x00000200       0x2e c:/ac6/systemworkbench/plugins/fr.ac6.mcu.externaltools.arm-none.win32_1.0.0.201410081102/tools/compiler/bin/../lib/gcc/arm-none-eabi/4.8.4/../../../../arm-none-eabi/lib/armv7e-m\libc.a(lib_a-init.o)
 .ARM.attributes
                0x0000022e       0x2e c:/ac6/systemworkbench/plugins/fr.ac6.mcu.externaltools.arm-none.win32_1.0.0.201410081102/tools/compiler/bin/../lib/gcc/arm-none-eabi/4.8.4/../../../../arm-none-eabi/lib/armv7e-m\libc.a(lib_a-__call_atexit.o)
 .ARM.attributes
                0x0000025c       0x2e c:/ac6/systemworkbench/plugins/fr.ac6.mcu.externaltools.arm-none.win32_1.0.0.201410081102/tools/compiler/bin/../lib/gcc/arm-none-eabi/4.8.4/../../../../arm-none-eabi/lib/armv7e-m\libc.a(lib_a-atexit.o)
 .ARM.attributes
                0x0000028a       0x2e c:/ac6/systemworkbench/plugins/fr.ac6.mcu.externaltools.arm-none.win32_1.0.0.201410081102/tools/compiler/bin/../lib/gcc/arm-none-eabi/4.8.4/../../../../arm-none-eabi/lib/armv7e-m\libc.a(lib_a-fini.o)
 .ARM.attributes
                0x000002b8       0x2e c:/ac6/systemworkbench/plugins/fr.ac6.mcu.externaltools.arm-none.win32_1.0.0.201410081102/tools/compiler/bin/../lib/gcc/arm-none-eabi/4.8.4/../../../../arm-none-eabi/lib/armv7e-m\libc.a(lib_a-__atexit.o)
 .ARM.attributes
                0x000002e6       0x1e c:/ac6/systemworkbench/plugins/fr.ac6.mcu.externaltools.arm-none.win32_1.0.0.201410081102/tools/compiler/bin/../lib/gcc/arm-none-eabi/4.8.4/armv7e-m/crtn.o
OUTPUT(Progetto Finale.elf elf32-littlearm)

.debug_line     0x00000000     0x387b
 .debug_line    0x00000000       0x7d ./startup/startup_stm32f401xx.o
 .debug_line    0x0000007d      0x65a ./src/main.o
 .debug_line    0x000006d7      0x614 ./src/system_stm32f4xx.o
 .debug_line    0x00000ceb      0x659 C:\Users\Franco Bressan\workspace\LabArch\stm32f401c-disco_stdperiph_lib\Debug\libstm32f401c-disco_stdperiph_lib.a(stm32f401_discovery.o)
 .debug_line    0x00001344      0x608 C:\Users\Franco Bressan\workspace\LabArch\stm32f401c-disco_stdperiph_lib\Debug\libstm32f401c-disco_stdperiph_lib.a(misc.o)
 .debug_line    0x0000194c      0x6ed C:\Users\Franco Bressan\workspace\LabArch\stm32f401c-disco_stdperiph_lib\Debug\libstm32f401c-disco_stdperiph_lib.a(stm32f4xx_gpio.o)
 .debug_line    0x00002039      0x9d1 C:\Users\Franco Bressan\workspace\LabArch\stm32f401c-disco_stdperiph_lib\Debug\libstm32f401c-disco_stdperiph_lib.a(stm32f4xx_rcc.o)
 .debug_line    0x00002a0a      0xe71 C:\Users\Franco Bressan\workspace\LabArch\stm32f401c-disco_stdperiph_lib\Debug\libstm32f401c-disco_stdperiph_lib.a(stm32f4xx_tim.o)

.debug_info     0x00000000     0x517a
 .debug_info    0x00000000       0x85 ./startup/startup_stm32f401xx.o
 .debug_info    0x00000085      0x671 ./src/main.o
 .debug_info    0x000006f6      0x5bb ./src/system_stm32f4xx.o
 .debug_info    0x00000cb1      0x95e C:\Users\Franco Bressan\workspace\LabArch\stm32f401c-disco_stdperiph_lib\Debug\libstm32f401c-disco_stdperiph_lib.a(stm32f401_discovery.o)
 .debug_info    0x0000160f      0x549 C:\Users\Franco Bressan\workspace\LabArch\stm32f401c-disco_stdperiph_lib\Debug\libstm32f401c-disco_stdperiph_lib.a(misc.o)
 .debug_info    0x00001b58      0x74b C:\Users\Franco Bressan\workspace\LabArch\stm32f401c-disco_stdperiph_lib\Debug\libstm32f401c-disco_stdperiph_lib.a(stm32f4xx_gpio.o)
 .debug_info    0x000022a3      0xe54 C:\Users\Franco Bressan\workspace\LabArch\stm32f401c-disco_stdperiph_lib\Debug\libstm32f401c-disco_stdperiph_lib.a(stm32f4xx_rcc.o)
 .debug_info    0x000030f7     0x2083 C:\Users\Franco Bressan\workspace\LabArch\stm32f401c-disco_stdperiph_lib\Debug\libstm32f401c-disco_stdperiph_lib.a(stm32f4xx_tim.o)

.debug_abbrev   0x00000000      0xc69
 .debug_abbrev  0x00000000       0x12 ./startup/startup_stm32f401xx.o
 .debug_abbrev  0x00000012      0x160 ./src/main.o
 .debug_abbrev  0x00000172      0x14a ./src/system_stm32f4xx.o
 .debug_abbrev  0x000002bc      0x1d2 C:\Users\Franco Bressan\workspace\LabArch\stm32f401c-disco_stdperiph_lib\Debug\libstm32f401c-disco_stdperiph_lib.a(stm32f401_discovery.o)
 .debug_abbrev  0x0000048e      0x159 C:\Users\Franco Bressan\workspace\LabArch\stm32f401c-disco_stdperiph_lib\Debug\libstm32f401c-disco_stdperiph_lib.a(misc.o)
 .debug_abbrev  0x000005e7      0x1eb C:\Users\Franco Bressan\workspace\LabArch\stm32f401c-disco_stdperiph_lib\Debug\libstm32f401c-disco_stdperiph_lib.a(stm32f4xx_gpio.o)
 .debug_abbrev  0x000007d2      0x1e5 C:\Users\Franco Bressan\workspace\LabArch\stm32f401c-disco_stdperiph_lib\Debug\libstm32f401c-disco_stdperiph_lib.a(stm32f4xx_rcc.o)
 .debug_abbrev  0x000009b7      0x2b2 C:\Users\Franco Bressan\workspace\LabArch\stm32f401c-disco_stdperiph_lib\Debug\libstm32f401c-disco_stdperiph_lib.a(stm32f4xx_tim.o)

.debug_aranges  0x00000000      0x638
 .debug_aranges
                0x00000000       0x28 ./startup/startup_stm32f401xx.o
 .debug_aranges
                0x00000028       0x30 ./src/main.o
 .debug_aranges
                0x00000058       0x30 ./src/system_stm32f4xx.o
 .debug_aranges
                0x00000088       0x48 C:\Users\Franco Bressan\workspace\LabArch\stm32f401c-disco_stdperiph_lib\Debug\libstm32f401c-disco_stdperiph_lib.a(stm32f401_discovery.o)
 .debug_aranges
                0x000000d0       0x40 C:\Users\Franco Bressan\workspace\LabArch\stm32f401c-disco_stdperiph_lib\Debug\libstm32f401c-disco_stdperiph_lib.a(misc.o)
 .debug_aranges
                0x00000110       0x88 C:\Users\Franco Bressan\workspace\LabArch\stm32f401c-disco_stdperiph_lib\Debug\libstm32f401c-disco_stdperiph_lib.a(stm32f4xx_gpio.o)
 .debug_aranges
                0x00000198      0x1b8 C:\Users\Franco Bressan\workspace\LabArch\stm32f401c-disco_stdperiph_lib\Debug\libstm32f401c-disco_stdperiph_lib.a(stm32f4xx_rcc.o)
 .debug_aranges
                0x00000350      0x2e8 C:\Users\Franco Bressan\workspace\LabArch\stm32f401c-disco_stdperiph_lib\Debug\libstm32f401c-disco_stdperiph_lib.a(stm32f4xx_tim.o)

.debug_ranges   0x00000000      0x5e0
 .debug_ranges  0x00000000       0x20 ./startup/startup_stm32f401xx.o
 .debug_ranges  0x00000020       0x20 ./src/main.o
 .debug_ranges  0x00000040       0x20 ./src/system_stm32f4xx.o
 .debug_ranges  0x00000060       0x38 C:\Users\Franco Bressan\workspace\LabArch\stm32f401c-disco_stdperiph_lib\Debug\libstm32f401c-disco_stdperiph_lib.a(stm32f401_discovery.o)
 .debug_ranges  0x00000098       0x30 C:\Users\Franco Bressan\workspace\LabArch\stm32f401c-disco_stdperiph_lib\Debug\libstm32f401c-disco_stdperiph_lib.a(misc.o)
 .debug_ranges  0x000000c8       0x78 C:\Users\Franco Bressan\workspace\LabArch\stm32f401c-disco_stdperiph_lib\Debug\libstm32f401c-disco_stdperiph_lib.a(stm32f4xx_gpio.o)
 .debug_ranges  0x00000140      0x1a8 C:\Users\Franco Bressan\workspace\LabArch\stm32f401c-disco_stdperiph_lib\Debug\libstm32f401c-disco_stdperiph_lib.a(stm32f4xx_rcc.o)
 .debug_ranges  0x000002e8      0x2f8 C:\Users\Franco Bressan\workspace\LabArch\stm32f401c-disco_stdperiph_lib\Debug\libstm32f401c-disco_stdperiph_lib.a(stm32f4xx_tim.o)

.debug_macro    0x00000000     0xea09
 .debug_macro   0x00000000      0x167 ./src/main.o
 .debug_macro   0x00000167      0x868 ./src/main.o
 .debug_macro   0x000009cf       0x64 ./src/main.o
 .debug_macro   0x00000a33       0x3b ./src/main.o
 .debug_macro   0x00000a6e       0x16 ./src/main.o
 .debug_macro   0x00000a84       0x44 ./src/main.o
 .debug_macro   0x00000ac8      0x209 ./src/main.o
 .debug_macro   0x00000cd1       0x2d ./src/main.o
 .debug_macro   0x00000cfe       0x42 ./src/main.o
 .debug_macro   0x00000d40      0xd39 ./src/main.o
 .debug_macro   0x00001a79     0x796c ./src/main.o
 .debug_macro   0x000093e5       0x16 ./src/main.o
 .debug_macro   0x000093fb      0x44f ./src/main.o
 .debug_macro   0x0000984a       0xb2 ./src/main.o
 .debug_macro   0x000098fc      0x477 ./src/main.o
 .debug_macro   0x00009d73       0xae ./src/main.o
 .debug_macro   0x00009e21      0x41c ./src/main.o
 .debug_macro   0x0000a23d      0x29d ./src/main.o
 .debug_macro   0x0000a4da      0x2bb ./src/main.o
 .debug_macro   0x0000a795       0x64 ./src/main.o
 .debug_macro   0x0000a7f9       0xcd ./src/main.o
 .debug_macro   0x0000a8c6      0x628 ./src/main.o
 .debug_macro   0x0000aeee       0x40 ./src/main.o
 .debug_macro   0x0000af2e      0x57b ./src/main.o
 .debug_macro   0x0000b4a9      0x342 ./src/main.o
 .debug_macro   0x0000b7eb      0x36c ./src/main.o
 .debug_macro   0x0000bb57       0xf0 ./src/main.o
 .debug_macro   0x0000bc47      0x73b ./src/main.o
 .debug_macro   0x0000c382      0x223 ./src/main.o
 .debug_macro   0x0000c5a5       0x34 ./src/main.o
 .debug_macro   0x0000c5d9       0x82 ./src/main.o
 .debug_macro   0x0000c65b       0x35 ./src/main.o
 .debug_macro   0x0000c690       0x88 ./src/main.o
 .debug_macro   0x0000c718      0x182 ./src/system_stm32f4xx.o
 .debug_macro   0x0000c89a      0x16d C:\Users\Franco Bressan\workspace\LabArch\stm32f401c-disco_stdperiph_lib\Debug\libstm32f401c-disco_stdperiph_lib.a(stm32f401_discovery.o)
 .debug_macro   0x0000ca07      0x874 C:\Users\Franco Bressan\workspace\LabArch\stm32f401c-disco_stdperiph_lib\Debug\libstm32f401c-disco_stdperiph_lib.a(stm32f401_discovery.o)
 .debug_macro   0x0000d27b       0x82 C:\Users\Franco Bressan\workspace\LabArch\stm32f401c-disco_stdperiph_lib\Debug\libstm32f401c-disco_stdperiph_lib.a(stm32f401_discovery.o)
 .debug_macro   0x0000d2fd      0x16e C:\Users\Franco Bressan\workspace\LabArch\stm32f401c-disco_stdperiph_lib\Debug\libstm32f401c-disco_stdperiph_lib.a(misc.o)
 .debug_macro   0x0000d46b       0x7c C:\Users\Franco Bressan\workspace\LabArch\stm32f401c-disco_stdperiph_lib\Debug\libstm32f401c-disco_stdperiph_lib.a(misc.o)
 .debug_macro   0x0000d4e7      0x16c C:\Users\Franco Bressan\workspace\LabArch\stm32f401c-disco_stdperiph_lib\Debug\libstm32f401c-disco_stdperiph_lib.a(stm32f4xx_gpio.o)
 .debug_macro   0x0000d653      0x297 C:\Users\Franco Bressan\workspace\LabArch\stm32f401c-disco_stdperiph_lib\Debug\libstm32f401c-disco_stdperiph_lib.a(stm32f4xx_gpio.o)
 .debug_macro   0x0000d8ea      0x232 C:\Users\Franco Bressan\workspace\LabArch\stm32f401c-disco_stdperiph_lib\Debug\libstm32f401c-disco_stdperiph_lib.a(stm32f4xx_rcc.o)
 .debug_macro   0x0000db1c      0x622 C:\Users\Franco Bressan\workspace\LabArch\stm32f401c-disco_stdperiph_lib\Debug\libstm32f401c-disco_stdperiph_lib.a(stm32f4xx_rcc.o)
 .debug_macro   0x0000e13e      0x196 C:\Users\Franco Bressan\workspace\LabArch\stm32f401c-disco_stdperiph_lib\Debug\libstm32f401c-disco_stdperiph_lib.a(stm32f4xx_tim.o)
 .debug_macro   0x0000e2d4      0x735 C:\Users\Franco Bressan\workspace\LabArch\stm32f401c-disco_stdperiph_lib\Debug\libstm32f401c-disco_stdperiph_lib.a(stm32f4xx_tim.o)

.debug_str      0x00000000    0x52bba
 .debug_str     0x00000000    0x50a8d ./src/main.o
                              0x50c33 (size before relaxing)
 .debug_str     0x00050a8d      0x209 ./src/system_stm32f4xx.o
                              0x505aa (size before relaxing)
 .debug_str     0x00050c96      0x591 C:\Users\Franco Bressan\workspace\LabArch\stm32f401c-disco_stdperiph_lib\Debug\libstm32f401c-disco_stdperiph_lib.a(stm32f401_discovery.o)
                              0x50e96 (size before relaxing)
 .debug_str     0x00051227      0x169 C:\Users\Franco Bressan\workspace\LabArch\stm32f401c-disco_stdperiph_lib\Debug\libstm32f401c-disco_stdperiph_lib.a(misc.o)
                              0x505e7 (size before relaxing)
 .debug_str     0x00051390      0x183 C:\Users\Franco Bressan\workspace\LabArch\stm32f401c-disco_stdperiph_lib\Debug\libstm32f401c-disco_stdperiph_lib.a(stm32f4xx_gpio.o)
                              0x506b9 (size before relaxing)
 .debug_str     0x00051513      0xc03 C:\Users\Franco Bressan\workspace\LabArch\stm32f401c-disco_stdperiph_lib\Debug\libstm32f401c-disco_stdperiph_lib.a(stm32f4xx_rcc.o)
                              0x5114b (size before relaxing)
 .debug_str     0x00052116      0xaa4 C:\Users\Franco Bressan\workspace\LabArch\stm32f401c-disco_stdperiph_lib\Debug\libstm32f401c-disco_stdperiph_lib.a(stm32f4xx_tim.o)
                              0x510b4 (size before relaxing)

.comment        0x00000000       0x70
 .comment       0x00000000       0x70 ./src/main.o
                                 0x71 (size before relaxing)
 .comment       0x00000000       0x71 ./src/system_stm32f4xx.o
 .comment       0x00000000       0x71 C:\Users\Franco Bressan\workspace\LabArch\stm32f401c-disco_stdperiph_lib\Debug\libstm32f401c-disco_stdperiph_lib.a(stm32f401_discovery.o)
 .comment       0x00000000       0x71 C:\Users\Franco Bressan\workspace\LabArch\stm32f401c-disco_stdperiph_lib\Debug\libstm32f401c-disco_stdperiph_lib.a(misc.o)
 .comment       0x00000000       0x71 C:\Users\Franco Bressan\workspace\LabArch\stm32f401c-disco_stdperiph_lib\Debug\libstm32f401c-disco_stdperiph_lib.a(stm32f4xx_gpio.o)
 .comment       0x00000000       0x71 C:\Users\Franco Bressan\workspace\LabArch\stm32f401c-disco_stdperiph_lib\Debug\libstm32f401c-disco_stdperiph_lib.a(stm32f4xx_rcc.o)
 .comment       0x00000000       0x71 C:\Users\Franco Bressan\workspace\LabArch\stm32f401c-disco_stdperiph_lib\Debug\libstm32f401c-disco_stdperiph_lib.a(stm32f4xx_tim.o)

.debug_frame    0x00000000      0xdb0
 .debug_frame   0x00000000       0x70 ./src/main.o
 .debug_frame   0x00000070       0x64 ./src/system_stm32f4xx.o
 .debug_frame   0x000000d4       0x98 C:\Users\Franco Bressan\workspace\LabArch\stm32f401c-disco_stdperiph_lib\Debug\libstm32f401c-disco_stdperiph_lib.a(stm32f401_discovery.o)
 .debug_frame   0x0000016c       0x68 C:\Users\Franco Bressan\workspace\LabArch\stm32f401c-disco_stdperiph_lib\Debug\libstm32f401c-disco_stdperiph_lib.a(misc.o)
 .debug_frame   0x000001d4      0x114 C:\Users\Franco Bressan\workspace\LabArch\stm32f401c-disco_stdperiph_lib\Debug\libstm32f401c-disco_stdperiph_lib.a(stm32f4xx_gpio.o)
 .debug_frame   0x000002e8      0x36c C:\Users\Franco Bressan\workspace\LabArch\stm32f401c-disco_stdperiph_lib\Debug\libstm32f401c-disco_stdperiph_lib.a(stm32f4xx_rcc.o)
 .debug_frame   0x00000654      0x66c C:\Users\Franco Bressan\workspace\LabArch\stm32f401c-disco_stdperiph_lib\Debug\libstm32f401c-disco_stdperiph_lib.a(stm32f4xx_tim.o)
 .debug_frame   0x00000cc0       0x2c c:/ac6/systemworkbench/plugins/fr.ac6.mcu.externaltools.arm-none.win32_1.0.0.201410081102/tools/compiler/bin/../lib/gcc/arm-none-eabi/4.8.4/../../../../arm-none-eabi/lib/armv7e-m\libc.a(lib_a-init.o)
 .debug_frame   0x00000cec       0x48 c:/ac6/systemworkbench/plugins/fr.ac6.mcu.externaltools.arm-none.win32_1.0.0.201410081102/tools/compiler/bin/../lib/gcc/arm-none-eabi/4.8.4/../../../../arm-none-eabi/lib/armv7e-m\libc.a(lib_a-__call_atexit.o)
 .debug_frame   0x00000d34       0x20 c:/ac6/systemworkbench/plugins/fr.ac6.mcu.externaltools.arm-none.win32_1.0.0.201410081102/tools/compiler/bin/../lib/gcc/arm-none-eabi/4.8.4/../../../../arm-none-eabi/lib/armv7e-m\libc.a(lib_a-atexit.o)
 .debug_frame   0x00000d54       0x2c c:/ac6/systemworkbench/plugins/fr.ac6.mcu.externaltools.arm-none.win32_1.0.0.201410081102/tools/compiler/bin/../lib/gcc/arm-none-eabi/4.8.4/../../../../arm-none-eabi/lib/armv7e-m\libc.a(lib_a-fini.o)
 .debug_frame   0x00000d80       0x30 c:/ac6/systemworkbench/plugins/fr.ac6.mcu.externaltools.arm-none.win32_1.0.0.201410081102/tools/compiler/bin/../lib/gcc/arm-none-eabi/4.8.4/../../../../arm-none-eabi/lib/armv7e-m\libc.a(lib_a-__atexit.o)

.debug_loc      0x00000000     0x2c2d
 .debug_loc     0x00000000       0xe7 C:\Users\Franco Bressan\workspace\LabArch\stm32f401c-disco_stdperiph_lib\Debug\libstm32f401c-disco_stdperiph_lib.a(stm32f401_discovery.o)
 .debug_loc     0x000000e7      0x147 C:\Users\Franco Bressan\workspace\LabArch\stm32f401c-disco_stdperiph_lib\Debug\libstm32f401c-disco_stdperiph_lib.a(misc.o)
 .debug_loc     0x0000022e      0x37b C:\Users\Franco Bressan\workspace\LabArch\stm32f401c-disco_stdperiph_lib\Debug\libstm32f401c-disco_stdperiph_lib.a(stm32f4xx_gpio.o)
 .debug_loc     0x000005a9      0xbae C:\Users\Franco Bressan\workspace\LabArch\stm32f401c-disco_stdperiph_lib\Debug\libstm32f401c-disco_stdperiph_lib.a(stm32f4xx_rcc.o)
 .debug_loc     0x00001157     0x1ad6 C:\Users\Franco Bressan\workspace\LabArch\stm32f401c-disco_stdperiph_lib\Debug\libstm32f401c-disco_stdperiph_lib.a(stm32f4xx_tim.o)
